2026-07-21 15:06:19  [Success] Connected to 'm365.man'.
2026-07-21 15:07:31  [Success] Found 801 Win32 app(s).
2026-07-21 15:08:35  [Warning] Throttled by Graph (429). Waiting 2 s (retry 1 of 7)...
2026-07-21 15:08:37  [Warning] Throttled by Graph (429). Waiting 4 s (retry 2 of 7)...
2026-07-21 15:08:41  [Warning] Throttled by Graph (429). Waiting 8 s (retry 3 of 7)...
2026-07-21 15:08:50  [Warning] Throttled by Graph (429). Waiting 16 s (retry 4 of 7)...
2026-07-21 15:11:32  [Warning] Throttled by Graph (429). Waiting 2 s (retry 1 of 7)...
2026-07-21 15:11:34  [Warning] Throttled by Graph (429). Waiting 4 s (retry 2 of 7)...
2026-07-21 15:11:38  [Warning] Throttled by Graph (429). Waiting 8 s (retry 3 of 7)...
2026-07-21 15:13:32  [Warning] Throttled by Graph (429). Waiting 2 s (retry 1 of 7)...
2026-07-21 15:13:34  [Warning] Throttled by Graph (429). Waiting 4 s (retry 2 of 7)...
2026-07-21 15:13:38  [Warning] Throttled by Graph (429). Waiting 8 s (retry 3 of 7)...
2026-07-21 15:13:46  [Warning] Throttled by Graph (429). Waiting 16 s (retry 4 of 7)...
2026-07-21 15:16:04  [Success] Audit cache: 22938 new event(s); creator known for 2885 app(s).
2026-07-21 15:16:07  [Info] Snapshot saved: apps-20260721-151606.json
2026-07-21 15:16:07  [Info] Recorded 709 change(s).
2026-09-03 15:43:59  [Error] MSAL.PS + IntuneWin32App not found under 'C:\Users\AW140\Downloads\files\lib\PowerShell Module'. Fix settings.json -> ModulePath.
2026-09-03 15:44:12  [Error] MSAL.PS + IntuneWin32App not found under 'C:\Users\AW140\Downloads\files\lib\PowerShell Module'. Fix settings.json -> ModulePath.
2026-09-03 15:44:13  [Error] MSAL.PS + IntuneWin32App not found under 'C:\Users\AW140\Downloads\files\lib\PowerShell Module'. Fix settings.json -> ModulePath.
2026-09-03 15:44:14  [Error] MSAL.PS + IntuneWin32App not found under 'C:\Users\AW140\Downloads\files\lib\PowerShell Module'. Fix settings.json -> ModulePath.
2026-09-03 15:44:14  [Error] MSAL.PS + IntuneWin32App not found under 'C:\Users\AW140\Downloads\files\lib\PowerShell Module'. Fix settings.json -> ModulePath.
2026-09-03 15:44:21  [Error] MSAL.PS + IntuneWin32App not found under 'C:\Users\AW140\Downloads\files\lib\PowerShell Module'. Fix settings.json -> ModulePath.
2026-09-03 15:44:21  [Error] MSAL.PS + IntuneWin32App not found under 'C:\Users\AW140\Downloads\files\lib\PowerShell Module'. Fix settings.json -> ModulePath.
2026-09-03 15:45:06  [Error] MSAL.PS + IntuneWin32App not found under 'C:\Users\AW140\Downloads\files\lib\PowerShell Module'. Fix settings.json -> ModulePath.
2026-09-03 15:45:10  [Error] MSAL.PS + IntuneWin32App not found under 'C:\Users\AW140\Downloads\files\lib\PowerShell Module'. Fix settings.json -> ModulePath.
2026-09-03 15:45:11  [Error] MSAL.PS + IntuneWin32App not found under 'C:\Users\AW140\Downloads\files\lib\PowerShell Module'. Fix settings.json -> ModulePath.
2026-09-03 15:45:11  [Error] MSAL.PS + IntuneWin32App not found under 'C:\Users\AW140\Downloads\files\lib\PowerShell Module'. Fix settings.json -> ModulePath.
2026-09-03 15:45:12  [Error] MSAL.PS + IntuneWin32App not found under 'C:\Users\AW140\Downloads\files\lib\PowerShell Module'. Fix settings.json -> ModulePath.
2026-09-03 15:45:12  [Error] MSAL.PS + IntuneWin32App not found under 'C:\Users\AW140\Downloads\files\lib\PowerShell Module'. Fix settings.json -> ModulePath.
2026-09-03 15:45:12  [Error] MSAL.PS + IntuneWin32App not found under 'C:\Users\AW140\Downloads\files\lib\PowerShell Module'. Fix settings.json -> ModulePath.
2026-09-03 15:45:13  [Error] MSAL.PS + IntuneWin32App not found under 'C:\Users\AW140\Downloads\files\lib\PowerShell Module'. Fix settings.json -> ModulePath.
2026-09-03 15:45:13  [Error] MSAL.PS + IntuneWin32App not found under 'C:\Users\AW140\Downloads\files\lib\PowerShell Module'. Fix settings.json -> ModulePath.
2026-09-03 15:45:13  [Error] MSAL.PS + IntuneWin32App not found under 'C:\Users\AW140\Downloads\files\lib\PowerShell Module'. Fix settings.json -> ModulePath.
2026-09-03 15:45:14  [Error] MSAL.PS + IntuneWin32App not found under 'C:\Users\AW140\Downloads\files\lib\PowerShell Module'. Fix settings.json -> ModulePath.
2026-09-03 15:45:15  [Error] MSAL.PS + IntuneWin32App not found under 'C:\Users\AW140\Downloads\files\lib\PowerShell Module'. Fix settings.json -> ModulePath.
2026-09-03 15:45:15  [Error] MSAL.PS + IntuneWin32App not found under 'C:\Users\AW140\Downloads\files\lib\PowerShell Module'. Fix settings.json -> ModulePath.
2026-09-03 15:45:45  [Error] MSAL.PS + IntuneWin32App not found under 'C:\Users\AW140\Downloads\files\lib\PowerShell Module'. Fix settings.json -> ModulePath.
2026-09-03 15:45:46  [Error] MSAL.PS + IntuneWin32App not found under 'C:\Users\AW140\Downloads\files\lib\PowerShell Module'. Fix settings.json -> ModulePath.
2026-09-03 15:45:47  [Error] MSAL.PS + IntuneWin32App not found under 'C:\Users\AW140\Downloads\files\lib\PowerShell Module'. Fix settings.json -> ModulePath.
2026-09-03 15:45:47  [Error] MSAL.PS + IntuneWin32App not found under 'C:\Users\AW140\Downloads\files\lib\PowerShell Module'. Fix settings.json -> ModulePath.
2026-09-03 15:45:47  [Error] MSAL.PS + IntuneWin32App not found under 'C:\Users\AW140\Downloads\files\lib\PowerShell Module'. Fix settings.json -> ModulePath.
2026-09-03 15:46:07  [Error] MSAL.PS + IntuneWin32App not found under 'C:\Users\AW140\Downloads\files\lib\PowerShell Module'. Fix settings.json -> ModulePath.
2026-09-03 15:56:51  [Error] MSAL.PS + IntuneWin32App not found under 'C:\Users\AW140\Downloads\files\lib\PowerShell Module'. Fix settings.json -> ModulePath.
2026-09-03 15:56:52  [Error] MSAL.PS + IntuneWin32App not found under 'C:\Users\AW140\Downloads\files\lib\PowerShell Module'. Fix settings.json -> ModulePath.
2026-09-03 15:56:53  [Error] MSAL.PS + IntuneWin32App not found under 'C:\Users\AW140\Downloads\files\lib\PowerShell Module'. Fix settings.json -> ModulePath.
2026-09-03 15:56:53  [Error] MSAL.PS + IntuneWin32App not found under 'C:\Users\AW140\Downloads\files\lib\PowerShell Module'. Fix settings.json -> ModulePath.
2026-09-03 15:56:54  [Error] MSAL.PS + IntuneWin32App not found under 'C:\Users\AW140\Downloads\files\lib\PowerShell Module'. Fix settings.json -> ModulePath.
2026-09-03 15:57:51  [Error] MSAL.PS + IntuneWin32App not found under 'C:\Users\AW140\Downloads\files\lib\PowerShell Module'. Fix settings.json -> ModulePath.
