2026-09-15 07:54:00  [Success] Connected to 'm365.man'.
2026-09-15 07:54:01  [Success] Signed in as gurram.balaji-ext@man.eu.
2026-09-15 07:54:47  [Info] Activity feed: 12783 entries, 0 of 943 apps re-translated.
2026-09-15 09:03:14  [Success] Connected to 'm365.man'.
2026-09-15 09:03:15  [Success] Signed in as gurram.balaji-ext@man.eu.
2026-09-15 09:03:55  [Info] Activity feed: 12783 entries, 0 of 943 apps re-translated.
2026-09-15 13:09:37  [Success] Connected to 'm365.man'.
2026-09-15 13:09:37  [Success] Signed in as gurram.balaji-ext@man.eu.
2026-09-15 13:10:17  [Info] Activity feed: 12783 entries, 0 of 943 apps re-translated.
2026-09-15 13:17:46  [Success] Connected to 'm365.man'.
2026-09-15 13:17:47  [Success] Signed in as gurram.balaji-ext@man.eu.
2026-09-15 13:18:29  [Info] Activity feed: 12783 entries, 0 of 943 apps re-translated.
2026-09-15 13:38:25  [Success] Connected to 'm365.man'.
2026-09-15 13:38:26  [Success] Signed in as gurram.balaji-ext@man.eu.
2026-09-15 13:42:22  [Info] Activity feed: 12783 entries, 943 of 943 apps re-translated.
2026-09-15 14:33:07  [Success] Connected to 'm365.man'.
2026-09-15 14:33:07  [Success] Signed in as gurram.balaji-ext@man.eu.
2026-09-15 14:33:47  [Info] Activity feed: 12783 entries, 0 of 943 apps re-translated.
2026-09-15 14:47:07  [Success] Connected to 'm365.man'.
2026-09-15 14:47:08  [Success] Signed in as gurram.balaji-ext@man.eu.
2026-09-15 14:47:48  [Info] Activity feed: 12783 entries, 0 of 943 apps re-translated.
2026-09-15 15:03:25  [Success] Found 943 Win32 app(s).
2026-09-15 15:04:55  [Warning] People lookup via getByIds denied (POST /beta/directoryObjects/getByIds -> HTTP 403).
2026-09-15 15:05:02  [Success] Audit: 40 event(s) read, 0 new, 1803 app(s) with history, 57s.
2026-09-15 15:06:13  [Info] Snapshot saved: apps-20260915-150601.json
2026-09-15 15:06:46  [Info] Activity feed: 12783 entries, 0 of 943 apps re-translated.
